// Jest Snapshot v1, https://goo.gl/fbAQLP

exports[`MainScreen container should render MainScreen correctly 1`] = `
Object {
  "asFragment": [Function],
  "baseElement": <body>
    <div>
      <div
        class="overlay "
        data-testid="overlay"
      >
        <div
          class="cart "
          data-testid="cart"
          id="cart"
        >
          <div
            class="cartContent"
          >
            <p
              class="title"
            >
              Resumen
            </p>
            <div
              class="selectedProductsList"
            />
            <div
              class="totals"
            >
              <div
                class="labelAmount"
              >
                <p>
                  Subtotal de productos
                </p>
                <p>
                  $
                  0
                </p>
              </div>
              <div>
                <div
                  class="labelAmount appliedDiscount"
                >
                  <p>
                    Descuento por marca
                  </p>
                  <p>
                    -$
                    1.000
                  </p>
                </div>
                <p
                  class="discountText"
                >
                  Se aplicó un descuento de 
                  <span>
                    $
                    1.000
                  </span>
                   por haber  comprado al menos 
                  <span>
                    $
                    10.000
                  </span>
                   en  productos 
                  testBrand
                </p>
              </div>
              <div
                class="labelAmount total"
              >
                <p>
                  Total a pagar
                </p>
                <p>
                  $
                  -1.000
                </p>
              </div>
            </div>
          </div>
        </div>
      </div>
      <div
        class="headerBar"
      >
        <img
          alt="Logo"
          class="logo"
          src="test-file-stub"
        />
        <div
          class="shoppingCart"
        >
          <img
            alt="shoppingCartIcon"
            src="test-file-stub"
          />
          <div
            data-testid="totalProducts"
          >
            0
          </div>
        </div>
      </div>
      <div
        class="productsList"
      >
        <div
          class="productDisplay"
        >
          <div>
            <img
              class="thumbnail"
              src="http://testImage"
            />
            <div
              class="separator"
            />
            <p
              class="productDescription"
            >
              <span>
                testBrand
              </span>
               
              testDescription
            </p>
            <p
              class="price"
            >
              $
              1.000
            </p>
          </div>
          <button
            class="addButton"
          >
            Agregar
          </button>
        </div>
      </div>
    </div>
  </body>,
  "container": <div>
    <div
      class="overlay "
      data-testid="overlay"
    >
      <div
        class="cart "
        data-testid="cart"
        id="cart"
      >
        <div
          class="cartContent"
        >
          <p
            class="title"
          >
            Resumen
          </p>
          <div
            class="selectedProductsList"
          />
          <div
            class="totals"
          >
            <div
              class="labelAmount"
            >
              <p>
                Subtotal de productos
              </p>
              <p>
                $
                0
              </p>
            </div>
            <div>
              <div
                class="labelAmount appliedDiscount"
              >
                <p>
                  Descuento por marca
                </p>
                <p>
                  -$
                  1.000
                </p>
              </div>
              <p
                class="discountText"
              >
                Se aplicó un descuento de 
                <span>
                  $
                  1.000
                </span>
                 por haber  comprado al menos 
                <span>
                  $
                  10.000
                </span>
                 en  productos 
                testBrand
              </p>
            </div>
            <div
              class="labelAmount total"
            >
              <p>
                Total a pagar
              </p>
              <p>
                $
                -1.000
              </p>
            </div>
          </div>
        </div>
      </div>
    </div>
    <div
      class="headerBar"
    >
      <img
        alt="Logo"
        class="logo"
        src="test-file-stub"
      />
      <div
        class="shoppingCart"
      >
        <img
          alt="shoppingCartIcon"
          src="test-file-stub"
        />
        <div
          data-testid="totalProducts"
        >
          0
        </div>
      </div>
    </div>
    <div
      class="productsList"
    >
      <div
        class="productDisplay"
      >
        <div>
          <img
            class="thumbnail"
            src="http://testImage"
          />
          <div
            class="separator"
          />
          <p
            class="productDescription"
          >
            <span>
              testBrand
            </span>
             
            testDescription
          </p>
          <p
            class="price"
          >
            $
            1.000
          </p>
        </div>
        <button
          class="addButton"
        >
          Agregar
        </button>
      </div>
    </div>
  </div>,
  "debug": [Function],
  "findAllByAltText": [Function],
  "findAllByDisplayValue": [Function],
  "findAllByLabelText": [Function],
  "findAllByPlaceholderText": [Function],
  "findAllByRole": [Function],
  "findAllByTestId": [Function],
  "findAllByText": [Function],
  "findAllByTitle": [Function],
  "findByAltText": [Function],
  "findByDisplayValue": [Function],
  "findByLabelText": [Function],
  "findByPlaceholderText": [Function],
  "findByRole": [Function],
  "findByTestId": [Function],
  "findByText": [Function],
  "findByTitle": [Function],
  "getAllByAltText": [Function],
  "getAllByDisplayValue": [Function],
  "getAllByLabelText": [Function],
  "getAllByPlaceholderText": [Function],
  "getAllByRole": [Function],
  "getAllByTestId": [Function],
  "getAllByText": [Function],
  "getAllByTitle": [Function],
  "getByAltText": [Function],
  "getByDisplayValue": [Function],
  "getByLabelText": [Function],
  "getByPlaceholderText": [Function],
  "getByRole": [Function],
  "getByTestId": [Function],
  "getByText": [Function],
  "getByTitle": [Function],
  "queryAllByAltText": [Function],
  "queryAllByDisplayValue": [Function],
  "queryAllByLabelText": [Function],
  "queryAllByPlaceholderText": [Function],
  "queryAllByRole": [Function],
  "queryAllByTestId": [Function],
  "queryAllByText": [Function],
  "queryAllByTitle": [Function],
  "queryByAltText": [Function],
  "queryByDisplayValue": [Function],
  "queryByLabelText": [Function],
  "queryByPlaceholderText": [Function],
  "queryByRole": [Function],
  "queryByTestId": [Function],
  "queryByText": [Function],
  "queryByTitle": [Function],
  "rerender": [Function],
  "unmount": [Function],
}
`;
